class XmlProvider : obj
    static member AsyncGetSample: () -> XmlProvider+Foo async
    let f = new Func<_,_>(fun (t:TextReader) -> XmlElement.Create(t))
    TextRuntime.AsyncMap((IO.asyncReadTextAtRuntimeWithDesignTimeRules "<RESOLUTION_FOLDER>" "" "XML" "" "IncludeFromWeb.xsd"), f)

    static member AsyncLoad: uri:string -> XmlProvider+Foo async
    let f = new Func<_,_>(fun (t:TextReader) -> XmlElement.Create(t))
    TextRuntime.AsyncMap((IO.asyncReadTextAtRuntime false "<RESOLUTION_FOLDER>" "" "XML" "" uri), f)

    static member GetSample: () -> XmlProvider+Foo
    XmlElement.Create(FSharpAsync.RunSynchronously((IO.asyncReadTextAtRuntimeWithDesignTimeRules "<RESOLUTION_FOLDER>" "" "XML" "" "IncludeFromWeb.xsd")))

    static member Load: stream:System.IO.Stream -> XmlProvider+Foo
    XmlElement.Create(((new StreamReader(stream)) :> TextReader))

    static member Load: reader:System.IO.TextReader -> XmlProvider+Foo
    XmlElement.Create(reader)

    static member Load: uri:string -> XmlProvider+Foo
    XmlElement.Create(FSharpAsync.RunSynchronously((IO.asyncReadTextAtRuntime false "<RESOLUTION_FOLDER>" "" "XML" "" uri)))

    static member Parse: text:string -> XmlProvider+Foo
    XmlElement.Create(((new StringReader(text)) :> TextReader))


class XmlProvider+Foo : FDR.BaseTypes.XmlElement
    new : () -> XmlProvider+Foo
    XmlRuntime.CreateRecord("{http://schemas.microsoft.com/sqlserver/2004/sqltypes}foo", 
                            [| |], 
                            [| |], "")

    new : xElement:System.Xml.Linq.XElement -> XmlProvider+Foo
    XmlElement.Create(xElement)


